in target or LSIM to perform :

In ubuntu :
ssh root@172.17.0.10 "mount -o remount,rw /"
scp ~/sigtrap/Debug/sigtrap root@172.17.0.10:/home/root
ssh root@172.17.0.10

In LSIM:
cd ~
gdbserver :2345 sigtrap
or

cd ~
./sigtrap &
gdbserver --attach :2345 $(pidof sigtrap)

In ubuntu machine step to perform :
/opt/tooling/bosch/RB_20140425/symphony-ivi-2.6.34/tools/tools/i686-bosch-linux-gnu/bin/i686-bosch-linux-gnu-gdb32 sigtrap
gdb> target remote 172.17.0.10:2345
gdb> set solib-search-path /opt/tooling/imx6-staging/DI_BINARY_REPOSITORY_IMX6_LINUX_13.0F37/lib/
gdb> set sysroot /opt/tooling/imx6-staging/DI_BINARY_REPOSITORY_IMX6_LINUX_13.0F37/
gdb> set verbose on
gdb> b 6
gdb> continue
gdb> bt

eg:
avg2cob@cob1014961_Ubuntu1004:~/tasks/2014/gdb_exit/sigtrap/Debug$ /opt/tooling/bosch/RB_20140425/symphony-ivi-2.6.34/tools/tools/i686-bosch-linux-gnu/bin/i686-bosch-linux-gnu-gdb32 sigtrap
GNU gdb (crosstool-NG 1.19.0) 7.2
Copyright (C) 2010 Free Software Foundation, Inc.
License GPLv3+: GNU GPL version 3 or later <http://gnu.org/licenses/gpl.html>
This is free software: you are free to change and redistribute it.
There is NO WARRANTY, to the extent permitted by law.  Type "show copying"
and "show warranty" for details.
This GDB was configured as "--host=i686-build_pc-linux-gnu --target=i686-bosch-linux-gnu".
For bug reporting instructions, please see:
<http://www.gnu.org/software/gdb/bugs/>...
Reading symbols from /home/avg2cob/tasks/2014/gdb_exit/sigtrap/Debug/sigtrap...done.
(gdb) target remote 172.17.0.10:2345
Remote debugging using 172.17.0.10:2345
warning: Could not load shared library symbols for /lib/libstdc++.so.6.
Do you need "set solib-search-path" or "set sysroot"?
Reading symbols from /opt/tooling/bosch/RB_20140425/symphony-ivi-2.6.34/tools/tools/i686-bosch-linux-gnu/i686-bosch-linux-gnu/libc/lib/libpthread.so.0...done.
Loaded symbols for /opt/tooling/bosch/RB_20140425/symphony-ivi-2.6.34/tools/tools/i686-bosch-linux-gnu/i686-bosch-linux-gnu/libc/lib/libpthread.so.0
Reading symbols from /opt/tooling/bosch/RB_20140425/symphony-ivi-2.6.34/tools/tools/i686-bosch-linux-gnu/i686-bosch-linux-gnu/libc/lib/libm.so.6...done.
Loaded symbols for /opt/tooling/bosch/RB_20140425/symphony-ivi-2.6.34/tools/tools/i686-bosch-linux-gnu/i686-bosch-linux-gnu/libc/lib/libm.so.6
Reading symbols from /opt/tooling/bosch/RB_20140425/symphony-ivi-2.6.34/tools/tools/i686-bosch-linux-gnu/i686-bosch-linux-gnu/libc/lib/libgcc_s.so.1...done.
Loaded symbols for /opt/tooling/bosch/RB_20140425/symphony-ivi-2.6.34/tools/tools/i686-bosch-linux-gnu/i686-bosch-linux-gnu/libc/lib/libgcc_s.so.1
Reading symbols from /opt/tooling/bosch/RB_20140425/symphony-ivi-2.6.34/tools/tools/i686-bosch-linux-gnu/i686-bosch-linux-gnu/libc/lib/libc.so.6...(no debugging symbols found)...done.
Loaded symbols for /opt/tooling/bosch/RB_20140425/symphony-ivi-2.6.34/tools/tools/i686-bosch-linux-gnu/i686-bosch-linux-gnu/libc/lib/libc.so.6
Reading symbols from /opt/tooling/bosch/RB_20140425/symphony-ivi-2.6.34/tools/tools/i686-bosch-linux-gnu/i686-bosch-linux-gnu/libc/lib/ld-linux.so.2...(no debugging symbols found)...done.
Loaded symbols for /opt/tooling/bosch/RB_20140425/symphony-ivi-2.6.34/tools/tools/i686-bosch-linux-gnu/i686-bosch-linux-gnu/libc/lib/ld-linux.so.2
0xffffe424 in __kernel_vsyscall ()
Created trace state variable $trace_timestamp for target's variable 1.
(gdb) set solib-search-path /opt/tooling/rootfs/DI_BINARY_REPOSITORY_NEMID_LINUX_14.0F41.x86/lib
Reading symbols from /opt/tooling/rootfs/DI_BINARY_REPOSITORY_NEMID_LINUX_14.0F41.x86/lib/libstdc++.so.6...(no debugging symbols found)...done.
Loaded symbols for /opt/tooling/rootfs/DI_BINARY_REPOSITORY_NEMID_LINUX_14.0F41.x86/lib/libstdc++.so.6
(gdb) set sysroot /opt/tooling/rootfs/DI_BINARY_REPOSITORY_NEMID_LINUX_14.0F41.x86
Reading symbols from /opt/tooling/rootfs/DI_BINARY_REPOSITORY_NEMID_LINUX_14.0F41.x86/lib/libpthread.so.0...(no debugging symbols found)...done.
Loaded symbols for /opt/tooling/rootfs/DI_BINARY_REPOSITORY_NEMID_LINUX_14.0F41.x86/lib/libpthread.so.0
Reading symbols from /opt/tooling/rootfs/DI_BINARY_REPOSITORY_NEMID_LINUX_14.0F41.x86/lib/libm.so.6...(no debugging symbols found)...done.
Loaded symbols for /opt/tooling/rootfs/DI_BINARY_REPOSITORY_NEMID_LINUX_14.0F41.x86/lib/libm.so.6
Reading symbols from /opt/tooling/rootfs/DI_BINARY_REPOSITORY_NEMID_LINUX_14.0F41.x86/lib/libgcc_s.so.1...(no debugging symbols found)...done.
Loaded symbols for /opt/tooling/rootfs/DI_BINARY_REPOSITORY_NEMID_LINUX_14.0F41.x86/lib/libgcc_s.so.1
Reading symbols from /opt/tooling/rootfs/DI_BINARY_REPOSITORY_NEMID_LINUX_14.0F41.x86/lib/libc.so.6...(no debugging symbols found)...done.
Loaded symbols for /opt/tooling/rootfs/DI_BINARY_REPOSITORY_NEMID_LINUX_14.0F41.x86/lib/libc.so.6
Reading symbols from /opt/tooling/rootfs/DI_BINARY_REPOSITORY_NEMID_LINUX_14.0F41.x86/lib/ld-linux.so.2...(no debugging symbols found)...done.
Loaded symbols for /opt/tooling/rootfs/DI_BINARY_REPOSITORY_NEMID_LINUX_14.0F41.x86/lib/ld-linux.so.2
(gdb) set verbose on
(gdb) b 22
Reading in symbols for ../sigtrap.cpp...done.
Reading in symbols for ../sigtrap.cpp...done.
Breakpoint 1 at 0x8048641: file ../sigtrap.cpp, line 22.
(gdb) step
Single stepping until exit from function __kernel_vsyscall,
which has no line number information.
0xb76cc8c6 in nanosleep () from /opt/tooling/rootfs/DI_BINARY_REPOSITORY_NEMID_LINUX_14.0F41.x86/lib/libc.so.6
(gdb) step
Single stepping until exit from function nanosleep,
which has no line number information.
0xb76cc6de in sleep () from /opt/tooling/rootfs/DI_BINARY_REPOSITORY_NEMID_LINUX_14.0F41.x86/lib/libc.so.6
(gdb) step
Single stepping until exit from function sleep,
which has no line number information.
main (argc=<value optimized out>, argv=<value optimized out>) at ../sigtrap.cpp:42
42	        printChar('.');
(gdb) step
printChar (c=46 '.') at ../sigtrap.cpp:12
12	    printf("%c", c);
(gdb) step
Reading in symbols for /tmp/ccwDJBxP.s...done.
13	    fflush(stdout);
(gdb) step
14	}
(gdb) step
main (argc=<value optimized out>, argv=<value optimized out>) at ../sigtrap.cpp:39
39	    while (1)
(gdb) step
41	        sleep(10);
(gdb) step
^[[A

Program terminated with signal SIGTRAP, Trace/breakpoint trap.
The program no longer exists.
(gdb) step
The program is not being run.
(gdb) 

commands : 
gdbserver
target remote 172.17.0.11:45
file /home/dus5cob/bosch/dus5cob_AI_PRJ_G3G_LINUX_15.0F22.vws_GEN/ai_projects/generated/bin/gen3x86make/debug/procoedt_out.out
set sysroot /opt/tooling/x86-staging/DI_BINARY_REPOSITORY_IMX6_LINUX_15.0F27.1/
set solib-search-path /opt/tooling/x86-staging/DI_BINARY_REPOSITORY_IMX6_LINUX_15.0F27.1/lib/
info sharedlibrary
info sources
file  sharedobject [to check whether unstriped file have debugging symboles or not]
set verbose on
break oedt_Cd_TestFuncs.c:OEDT_CD_T151

file /opt/tooling/x86-staging/DI_BINARY_REPOSITORY_IMX6_LINUX_15.0F27.1/lib/libuuid.so.1.3.0
readelf --debug-dump=info /opt/tooling/x86-staging/DI_BINARY_REPOSITORY_IMX6_LINUX_15.0F27.1/lib/libuuid.so.1.3.0

objdump --syms ... | grep debug
objdump --debugging libinspected.so

gcc -g -o main main.c
objcopy --only-keep-debug main main.debug
strip --strip-debug --strip-unneeded main
objcopy --add-gnu-debuglink main.debug main


gdb -s main.debug -e main
or
gdb
(gdb) exec-file main
(gdb) symbol-file main.debug


gcc commands:
-Wall : Enable all warning messages (recommended for all development work).
-g  : enables use of extra debugging information that only GDB can use.
-c : Compile or assemble the source les, but do not link. The linking stage simply is not done.
    The ultimate output is in the form of an object le for each source le. By default, the
    object le name for a source le is made by replacing the sux '.c', `.i', `.s', etc., with
    `.o'. E.g.,
    gcc c myprog.c
    produces myprog.o.
-s : Stop after the stage of compilation proper; do not assemble. The output is in the form of
    an assembler code le for each non-assembler input le specied. By default, the assembler
    le name for a source le is made by replacing the sux `.c', `.i', etc., with `.s'. It is
    unlikely that you will need to do this, but it is educational to look at the output of the
    compiler, which is in assembly language.
-E : Stop after the preprocessing stage; do not run the compiler proper. The output is in the
    form of preprocessed source code, which is sent to the standard output. E.g.,
    gcc E myprog.c > myprog.i
    This is also an educational exercise  you can see for yourself what the preprocessor does
    to your source code, to get a better understanding of how to use it.
-o : file Place output in le file . This applies regardless of whatever sort of output is being
    produced, whether it is an executable le, an object le, an assembler le or preprocessed
    C code. Usually you use this to name your executable. E.g.,
    gcc o myprog myprog.c
-v : Print (on standard error output) the commands executed to run the stages of compilation.
    Also print the version number of the compiler driver program and of the preprocessor and
    the compiler proper.
--help  : Print (on the standard output) a description of the command line options understood by gcc.

-llibrary : Search the library named library when linking.
-L  Add dir to gcc's search path for libraries.
-I  where gcc looks for header files.
    For example, suppose that the program myprog.c makes a call to a function named log_error() that is
    declared in the my_utilities.h header le and is dened in the library libutilities.a located in the
    directory ~/my_libs. You could write:

gcc -o myprog myprog.c -I ~/my_includes -lutilities -L ~/my_libs
OR
gcc -o myprog myprog.c -I ~/my_includes -l ~/my_libs/libutilities.a

Environment Variables Aecting GCC :
C_INCLUDE_PATH : A colon-separated list of directories in which to look for include les for C programs.
LIBRARY_PATH : A colon-separated list of directories that the linker uses to look for static libraries.
LD_LIBRARY_PATH : A colon-separated list of directories that the linking loader uses to look for dynamic libraries.

